// Jest Snapshot v1, https://goo.gl/fbAQLP

exports[`Refresh matches snapshot 1`] = `
<div
  className="ui center aligned container"
>
  <button
    className="ui positive button"
    data-testid="refresh"
    onClick={[Function]}
  >
    Refresh
  </button>
</div>
`;
